// Vitest Snapshot v1, https://vitest.dev/guide/snapshot.html

exports[`FormItem > item 状态设置 1`] = `
{
  "asFragment": [Function],
  "baseElement": <body>
    <div>
      <button
        class="ant-btn css-dev-only-do-not-override-1gwfwyx ant-btn-default"
        data-testid="instance"
        type="button"
      >
        <span>
          获取实例
        </span>
      </button>
      <div
        class="ant-divider css-dev-only-do-not-override-1gwfwyx ant-divider-horizontal"
        role="separator"
        style="margin: 12px 0px;"
      />
      <div
        class="ant-space css-dev-only-do-not-override-1gwfwyx ant-space-horizontal ant-space-align-center ant-space-gap-row-small ant-space-gap-col-small"
      >
        <div
          class="ant-space-item"
        >
          <button
            class="ant-btn css-dev-only-do-not-override-1gwfwyx ant-btn-default"
            data-testid="disabled"
            type="button"
          >
            <span>
              禁 用
            </span>
          </button>
        </div>
        <div
          class="ant-space-item"
        >
          <button
            class="ant-btn css-dev-only-do-not-override-1gwfwyx ant-btn-default"
            data-testid="readonly"
            type="button"
          >
            <span>
              只 读
            </span>
          </button>
        </div>
        <div
          class="ant-space-item"
        >
          <button
            class="ant-btn css-dev-only-do-not-override-1gwfwyx ant-btn-default"
            data-testid="hidden"
            type="button"
          >
            <span>
              隐 藏
            </span>
          </button>
        </div>
        <div
          class="ant-space-item"
        >
          <button
            class="ant-btn css-dev-only-do-not-override-1gwfwyx ant-btn-default"
            data-testid="remove"
            type="button"
          >
            <span>
              移 除
            </span>
          </button>
        </div>
        <div
          class="ant-space-item"
        >
          <button
            class="ant-btn css-dev-only-do-not-override-1gwfwyx ant-btn-default"
            data-testid="edit"
            type="button"
          >
            <span>
              编 辑
            </span>
          </button>
        </div>
      </div>
      <div
        class="ant-divider css-dev-only-do-not-override-1gwfwyx ant-divider-horizontal"
        role="separator"
        style="margin: 12px 0px;"
      />
      <div
        class="ant-space css-dev-only-do-not-override-1gwfwyx ant-space-horizontal ant-space-align-center ant-space-gap-row-small ant-space-gap-col-small"
      >
        <div
          class="ant-space-item"
        >
          <button
            class="ant-btn css-dev-only-do-not-override-1gwfwyx ant-btn-default"
            data-testid="setValue"
            type="button"
          >
            <span>
              设置值
            </span>
          </button>
        </div>
        <div
          class="ant-space-item"
        >
          <button
            class="ant-btn css-dev-only-do-not-override-1gwfwyx ant-btn-default"
            data-testid="setValues"
            type="button"
          >
            <span>
              批量设置值
            </span>
          </button>
        </div>
        <div
          class="ant-space-item"
        >
          <button
            class="ant-btn css-dev-only-do-not-override-1gwfwyx ant-btn-default"
            data-testid="reset"
            type="button"
          >
            <span>
              清空值
            </span>
          </button>
        </div>
      </div>
      <div
        class="ant-divider css-dev-only-do-not-override-1gwfwyx ant-divider-horizontal"
        role="separator"
        style="margin: 12px 0px;"
      />
      <div
        class="ant-space css-dev-only-do-not-override-1gwfwyx ant-space-horizontal ant-space-align-center ant-space-gap-row-small ant-space-gap-col-small"
      >
        <div
          class="ant-space-item"
        >
          <button
            class="ant-btn css-dev-only-do-not-override-1gwfwyx ant-btn-default"
            type="button"
          >
            <span>
              取消冒号
            </span>
          </button>
        </div>
        <div
          class="ant-space-item"
        >
          <button
            class="ant-btn css-dev-only-do-not-override-1gwfwyx ant-btn-default"
            data-testid="required"
            type="button"
          >
            <span>
              必 填
            </span>
          </button>
        </div>
        <div
          class="ant-space-item"
        >
          <button
            class="ant-btn css-dev-only-do-not-override-1gwfwyx ant-btn-default"
            data-testid="unRequired"
            type="button"
          >
            <span>
              非必填
            </span>
          </button>
        </div>
        <div
          class="ant-space-item"
        >
          <button
            class="ant-btn css-dev-only-do-not-override-1gwfwyx ant-btn-default"
            data-testid="replaceLabel"
            type="button"
          >
            <span>
              更换label
            </span>
          </button>
        </div>
      </div>
      <div
        class="ant-divider css-dev-only-do-not-override-1gwfwyx ant-divider-horizontal"
        role="separator"
        style="margin: 12px 0px;"
      />
      <button
        class="ant-btn css-dev-only-do-not-override-1gwfwyx ant-btn-default"
        data-testid="options"
        type="button"
      >
        <span>
          数据源
        </span>
      </button>
      <button
        class="ant-btn css-dev-only-do-not-override-1gwfwyx ant-btn-default"
        data-testid="forceUpdate"
        type="button"
      >
        <span>
          刷 新
        </span>
      </button>
      <div
        class="ant-divider css-dev-only-do-not-override-1gwfwyx ant-divider-horizontal"
        role="separator"
        style="margin: 12px 0px;"
      />
      <div
        class="ant-space css-dev-only-do-not-override-1gwfwyx ant-space-horizontal ant-space-align-center ant-space-gap-row-small ant-space-gap-col-small"
      >
        <div
          class="ant-space-item"
        >
          <button
            class="ant-btn css-dev-only-do-not-override-1gwfwyx ant-btn-default"
            data-testid="obj.a"
            type="button"
          >
            <span>
              数组实例1
            </span>
          </button>
        </div>
        <div
          class="ant-space-item"
        >
          <button
            class="ant-btn css-dev-only-do-not-override-1gwfwyx ant-btn-default"
            data-testid="array.0"
            type="button"
          >
            <span>
              数组实例2
            </span>
          </button>
        </div>
      </div>
      <div
        class="ant-divider css-dev-only-do-not-override-1gwfwyx ant-divider-horizontal"
        role="separator"
        style="margin: 12px 0px;"
      />
      <div
        class="ant-spin-nested-loading css-dev-only-do-not-override-1gwfwyx"
      >
        <div
          class="ant-spin-container"
        >
          <form
            class="ant-form ant-form-horizontal css-dev-only-do-not-override-1gwfwyx"
          >
            <div
              class="ant-col ant-col-24 css-dev-only-do-not-override-1gwfwyx"
            >
              <div
                class="ant-form-item css-dev-only-do-not-override-1gwfwyx"
              >
                <div
                  class="ant-row ant-form-item-row css-dev-only-do-not-override-1gwfwyx"
                >
                  <div
                    class="ant-col ant-form-item-label css-dev-only-do-not-override-1gwfwyx"
                  >
                    <label
                      class=""
                      title="b"
                    >
                      b
                    </label>
                  </div>
                  <div
                    class="ant-col ant-form-item-control css-dev-only-do-not-override-1gwfwyx"
                  >
                    <div
                      class="ant-form-item-control-input"
                    >
                      <div
                        class="ant-form-item-control-input-content"
                      >
                        <input
                          class="ant-input css-dev-only-do-not-override-1gwfwyx ant-input-outlined"
                          data-testid="inputB"
                          id="b"
                          options=""
                          type="text"
                          value=""
                        />
                      </div>
                    </div>
                  </div>
                </div>
              </div>
            </div>
            <div
              class="ant-col ant-col-24 css-dev-only-do-not-override-1gwfwyx"
            >
              <div
                class="ant-form-item css-dev-only-do-not-override-1gwfwyx"
              >
                <div
                  class="ant-row ant-form-item-row css-dev-only-do-not-override-1gwfwyx"
                  data-testid="labelC"
                >
                  <div
                    class="ant-col ant-form-item-label css-dev-only-do-not-override-1gwfwyx"
                  >
                    <label
                      class=""
                      title="c"
                    >
                      c
                    </label>
                  </div>
                  <div
                    class="ant-col ant-form-item-control css-dev-only-do-not-override-1gwfwyx"
                  >
                    <div
                      class="ant-form-item-control-input"
                    >
                      <div
                        class="ant-form-item-control-input-content"
                      >
                        <div
                          class="ant-select ant-select-outlined ant-select-in-form-item css-dev-only-do-not-override-1gwfwyx ant-select-single ant-select-show-arrow"
                          data-testid="inputC"
                        >
                          <div
                            class="ant-select-selector"
                          >
                            <span
                              class="ant-select-selection-search"
                            >
                              <input
                                aria-autocomplete="list"
                                aria-controls="c_list"
                                aria-expanded="false"
                                aria-haspopup="listbox"
                                aria-owns="c_list"
                                autocomplete="off"
                                class="ant-select-selection-search-input"
                                id="c"
                                readonly=""
                                role="combobox"
                                style="opacity: 0;"
                                type="search"
                                unselectable="on"
                                value=""
                              />
                            </span>
                            <span
                              class="ant-select-selection-placeholder"
                            />
                          </div>
                          <span
                            aria-hidden="true"
                            class="ant-select-arrow"
                            style="user-select: none;"
                            unselectable="on"
                          >
                            <span
                              aria-label="down"
                              class="anticon anticon-down ant-select-suffix"
                              role="img"
                            >
                              <svg
                                aria-hidden="true"
                                data-icon="down"
                                fill="currentColor"
                                focusable="false"
                                height="1em"
                                viewBox="64 64 896 896"
                                width="1em"
                              >
                                <path
                                  d="M884 256h-75c-5.1 0-9.9 2.5-12.9 6.6L512 654.2 227.9 262.6c-3-4.1-7.8-6.6-12.9-6.6h-75c-6.5 0-10.3 7.4-6.5 12.7l352.6 486.1c12.8 17.6 39 17.6 51.7 0l352.6-486.1c3.9-5.3.1-12.7-6.4-12.7z"
                                />
                              </svg>
                            </span>
                          </span>
                        </div>
                      </div>
                    </div>
                  </div>
                </div>
              </div>
            </div>
            <div
              class="ant-col ant-col-24 css-dev-only-do-not-override-1gwfwyx"
            >
              <div
                class="ant-form-item css-dev-only-do-not-override-1gwfwyx"
              >
                <div
                  class="ant-row ant-form-item-row css-dev-only-do-not-override-1gwfwyx"
                >
                  <div
                    class="ant-col ant-form-item-label css-dev-only-do-not-override-1gwfwyx"
                  >
                    <label
                      class=""
                      title="d"
                    >
                      d
                    </label>
                  </div>
                  <div
                    class="ant-col ant-form-item-control css-dev-only-do-not-override-1gwfwyx"
                  >
                    <div
                      class="ant-form-item-control-input"
                    >
                      <div
                        class="ant-form-item-control-input-content"
                      >
                        <input
                          class="ant-input css-dev-only-do-not-override-1gwfwyx ant-input-outlined"
                          data-testid="inputD"
                          id="d"
                          options=""
                          type="text"
                          value=""
                        />
                      </div>
                    </div>
                  </div>
                </div>
              </div>
            </div>
            <div
              class="ant-col ant-col-24 css-dev-only-do-not-override-1gwfwyx"
            >
              <div
                class="ant-form-item css-dev-only-do-not-override-1gwfwyx"
              >
                <div
                  class="ant-row ant-form-item-row css-dev-only-do-not-override-1gwfwyx"
                >
                  <div
                    class="ant-col ant-form-item-label css-dev-only-do-not-override-1gwfwyx"
                  >
                    <label
                      class=""
                      title="obj.a"
                    >
                      obj.a
                    </label>
                  </div>
                  <div
                    class="ant-col ant-form-item-control css-dev-only-do-not-override-1gwfwyx"
                  >
                    <div
                      class="ant-form-item-control-input"
                    >
                      <div
                        class="ant-form-item-control-input-content"
                      >
                        <input
                          class="ant-input css-dev-only-do-not-override-1gwfwyx ant-input-outlined"
                          data-testid="inputObj"
                          id="obj_a"
                          options=""
                          type="text"
                          value=""
                        />
                      </div>
                    </div>
                  </div>
                </div>
              </div>
            </div>
            <div
              class="ant-col ant-col-24 css-dev-only-do-not-override-1gwfwyx"
            >
              <div
                class="ant-form-item css-dev-only-do-not-override-1gwfwyx"
              >
                <div
                  class="ant-row ant-form-item-row css-dev-only-do-not-override-1gwfwyx"
                >
                  <div
                    class="ant-col ant-form-item-label css-dev-only-do-not-override-1gwfwyx"
                  >
                    <label
                      class=""
                      title="array[0]"
                    >
                      array[0]
                    </label>
                  </div>
                  <div
                    class="ant-col ant-form-item-control css-dev-only-do-not-override-1gwfwyx"
                  >
                    <div
                      class="ant-form-item-control-input"
                    >
                      <div
                        class="ant-form-item-control-input-content"
                      >
                        <input
                          class="ant-input css-dev-only-do-not-override-1gwfwyx ant-input-outlined"
                          data-testid="inputArr"
                          id="array_0"
                          options=""
                          type="text"
                          value=""
                        />
                      </div>
                    </div>
                  </div>
                </div>
              </div>
            </div>
          </form>
        </div>
      </div>
    </div>
  </body>,
  "container": <div>
    <button
      class="ant-btn css-dev-only-do-not-override-1gwfwyx ant-btn-default"
      data-testid="instance"
      type="button"
    >
      <span>
        获取实例
      </span>
    </button>
    <div
      class="ant-divider css-dev-only-do-not-override-1gwfwyx ant-divider-horizontal"
      role="separator"
      style="margin: 12px 0px;"
    />
    <div
      class="ant-space css-dev-only-do-not-override-1gwfwyx ant-space-horizontal ant-space-align-center ant-space-gap-row-small ant-space-gap-col-small"
    >
      <div
        class="ant-space-item"
      >
        <button
          class="ant-btn css-dev-only-do-not-override-1gwfwyx ant-btn-default"
          data-testid="disabled"
          type="button"
        >
          <span>
            禁 用
          </span>
        </button>
      </div>
      <div
        class="ant-space-item"
      >
        <button
          class="ant-btn css-dev-only-do-not-override-1gwfwyx ant-btn-default"
          data-testid="readonly"
          type="button"
        >
          <span>
            只 读
          </span>
        </button>
      </div>
      <div
        class="ant-space-item"
      >
        <button
          class="ant-btn css-dev-only-do-not-override-1gwfwyx ant-btn-default"
          data-testid="hidden"
          type="button"
        >
          <span>
            隐 藏
          </span>
        </button>
      </div>
      <div
        class="ant-space-item"
      >
        <button
          class="ant-btn css-dev-only-do-not-override-1gwfwyx ant-btn-default"
          data-testid="remove"
          type="button"
        >
          <span>
            移 除
          </span>
        </button>
      </div>
      <div
        class="ant-space-item"
      >
        <button
          class="ant-btn css-dev-only-do-not-override-1gwfwyx ant-btn-default"
          data-testid="edit"
          type="button"
        >
          <span>
            编 辑
          </span>
        </button>
      </div>
    </div>
    <div
      class="ant-divider css-dev-only-do-not-override-1gwfwyx ant-divider-horizontal"
      role="separator"
      style="margin: 12px 0px;"
    />
    <div
      class="ant-space css-dev-only-do-not-override-1gwfwyx ant-space-horizontal ant-space-align-center ant-space-gap-row-small ant-space-gap-col-small"
    >
      <div
        class="ant-space-item"
      >
        <button
          class="ant-btn css-dev-only-do-not-override-1gwfwyx ant-btn-default"
          data-testid="setValue"
          type="button"
        >
          <span>
            设置值
          </span>
        </button>
      </div>
      <div
        class="ant-space-item"
      >
        <button
          class="ant-btn css-dev-only-do-not-override-1gwfwyx ant-btn-default"
          data-testid="setValues"
          type="button"
        >
          <span>
            批量设置值
          </span>
        </button>
      </div>
      <div
        class="ant-space-item"
      >
        <button
          class="ant-btn css-dev-only-do-not-override-1gwfwyx ant-btn-default"
          data-testid="reset"
          type="button"
        >
          <span>
            清空值
          </span>
        </button>
      </div>
    </div>
    <div
      class="ant-divider css-dev-only-do-not-override-1gwfwyx ant-divider-horizontal"
      role="separator"
      style="margin: 12px 0px;"
    />
    <div
      class="ant-space css-dev-only-do-not-override-1gwfwyx ant-space-horizontal ant-space-align-center ant-space-gap-row-small ant-space-gap-col-small"
    >
      <div
        class="ant-space-item"
      >
        <button
          class="ant-btn css-dev-only-do-not-override-1gwfwyx ant-btn-default"
          type="button"
        >
          <span>
            取消冒号
          </span>
        </button>
      </div>
      <div
        class="ant-space-item"
      >
        <button
          class="ant-btn css-dev-only-do-not-override-1gwfwyx ant-btn-default"
          data-testid="required"
          type="button"
        >
          <span>
            必 填
          </span>
        </button>
      </div>
      <div
        class="ant-space-item"
      >
        <button
          class="ant-btn css-dev-only-do-not-override-1gwfwyx ant-btn-default"
          data-testid="unRequired"
          type="button"
        >
          <span>
            非必填
          </span>
        </button>
      </div>
      <div
        class="ant-space-item"
      >
        <button
          class="ant-btn css-dev-only-do-not-override-1gwfwyx ant-btn-default"
          data-testid="replaceLabel"
          type="button"
        >
          <span>
            更换label
          </span>
        </button>
      </div>
    </div>
    <div
      class="ant-divider css-dev-only-do-not-override-1gwfwyx ant-divider-horizontal"
      role="separator"
      style="margin: 12px 0px;"
    />
    <button
      class="ant-btn css-dev-only-do-not-override-1gwfwyx ant-btn-default"
      data-testid="options"
      type="button"
    >
      <span>
        数据源
      </span>
    </button>
    <button
      class="ant-btn css-dev-only-do-not-override-1gwfwyx ant-btn-default"
      data-testid="forceUpdate"
      type="button"
    >
      <span>
        刷 新
      </span>
    </button>
    <div
      class="ant-divider css-dev-only-do-not-override-1gwfwyx ant-divider-horizontal"
      role="separator"
      style="margin: 12px 0px;"
    />
    <div
      class="ant-space css-dev-only-do-not-override-1gwfwyx ant-space-horizontal ant-space-align-center ant-space-gap-row-small ant-space-gap-col-small"
    >
      <div
        class="ant-space-item"
      >
        <button
          class="ant-btn css-dev-only-do-not-override-1gwfwyx ant-btn-default"
          data-testid="obj.a"
          type="button"
        >
          <span>
            数组实例1
          </span>
        </button>
      </div>
      <div
        class="ant-space-item"
      >
        <button
          class="ant-btn css-dev-only-do-not-override-1gwfwyx ant-btn-default"
          data-testid="array.0"
          type="button"
        >
          <span>
            数组实例2
          </span>
        </button>
      </div>
    </div>
    <div
      class="ant-divider css-dev-only-do-not-override-1gwfwyx ant-divider-horizontal"
      role="separator"
      style="margin: 12px 0px;"
    />
    <div
      class="ant-spin-nested-loading css-dev-only-do-not-override-1gwfwyx"
    >
      <div
        class="ant-spin-container"
      >
        <form
          class="ant-form ant-form-horizontal css-dev-only-do-not-override-1gwfwyx"
        >
          <div
            class="ant-col ant-col-24 css-dev-only-do-not-override-1gwfwyx"
          >
            <div
              class="ant-form-item css-dev-only-do-not-override-1gwfwyx"
            >
              <div
                class="ant-row ant-form-item-row css-dev-only-do-not-override-1gwfwyx"
              >
                <div
                  class="ant-col ant-form-item-label css-dev-only-do-not-override-1gwfwyx"
                >
                  <label
                    class=""
                    title="b"
                  >
                    b
                  </label>
                </div>
                <div
                  class="ant-col ant-form-item-control css-dev-only-do-not-override-1gwfwyx"
                >
                  <div
                    class="ant-form-item-control-input"
                  >
                    <div
                      class="ant-form-item-control-input-content"
                    >
                      <input
                        class="ant-input css-dev-only-do-not-override-1gwfwyx ant-input-outlined"
                        data-testid="inputB"
                        id="b"
                        options=""
                        type="text"
                        value=""
                      />
                    </div>
                  </div>
                </div>
              </div>
            </div>
          </div>
          <div
            class="ant-col ant-col-24 css-dev-only-do-not-override-1gwfwyx"
          >
            <div
              class="ant-form-item css-dev-only-do-not-override-1gwfwyx"
            >
              <div
                class="ant-row ant-form-item-row css-dev-only-do-not-override-1gwfwyx"
                data-testid="labelC"
              >
                <div
                  class="ant-col ant-form-item-label css-dev-only-do-not-override-1gwfwyx"
                >
                  <label
                    class=""
                    title="c"
                  >
                    c
                  </label>
                </div>
                <div
                  class="ant-col ant-form-item-control css-dev-only-do-not-override-1gwfwyx"
                >
                  <div
                    class="ant-form-item-control-input"
                  >
                    <div
                      class="ant-form-item-control-input-content"
                    >
                      <div
                        class="ant-select ant-select-outlined ant-select-in-form-item css-dev-only-do-not-override-1gwfwyx ant-select-single ant-select-show-arrow"
                        data-testid="inputC"
                      >
                        <div
                          class="ant-select-selector"
                        >
                          <span
                            class="ant-select-selection-search"
                          >
                            <input
                              aria-autocomplete="list"
                              aria-controls="c_list"
                              aria-expanded="false"
                              aria-haspopup="listbox"
                              aria-owns="c_list"
                              autocomplete="off"
                              class="ant-select-selection-search-input"
                              id="c"
                              readonly=""
                              role="combobox"
                              style="opacity: 0;"
                              type="search"
                              unselectable="on"
                              value=""
                            />
                          </span>
                          <span
                            class="ant-select-selection-placeholder"
                          />
                        </div>
                        <span
                          aria-hidden="true"
                          class="ant-select-arrow"
                          style="user-select: none;"
                          unselectable="on"
                        >
                          <span
                            aria-label="down"
                            class="anticon anticon-down ant-select-suffix"
                            role="img"
                          >
                            <svg
                              aria-hidden="true"
                              data-icon="down"
                              fill="currentColor"
                              focusable="false"
                              height="1em"
                              viewBox="64 64 896 896"
                              width="1em"
                            >
                              <path
                                d="M884 256h-75c-5.1 0-9.9 2.5-12.9 6.6L512 654.2 227.9 262.6c-3-4.1-7.8-6.6-12.9-6.6h-75c-6.5 0-10.3 7.4-6.5 12.7l352.6 486.1c12.8 17.6 39 17.6 51.7 0l352.6-486.1c3.9-5.3.1-12.7-6.4-12.7z"
                              />
                            </svg>
                          </span>
                        </span>
                      </div>
                    </div>
                  </div>
                </div>
              </div>
            </div>
          </div>
          <div
            class="ant-col ant-col-24 css-dev-only-do-not-override-1gwfwyx"
          >
            <div
              class="ant-form-item css-dev-only-do-not-override-1gwfwyx"
            >
              <div
                class="ant-row ant-form-item-row css-dev-only-do-not-override-1gwfwyx"
              >
                <div
                  class="ant-col ant-form-item-label css-dev-only-do-not-override-1gwfwyx"
                >
                  <label
                    class=""
                    title="d"
                  >
                    d
                  </label>
                </div>
                <div
                  class="ant-col ant-form-item-control css-dev-only-do-not-override-1gwfwyx"
                >
                  <div
                    class="ant-form-item-control-input"
                  >
                    <div
                      class="ant-form-item-control-input-content"
                    >
                      <input
                        class="ant-input css-dev-only-do-not-override-1gwfwyx ant-input-outlined"
                        data-testid="inputD"
                        id="d"
                        options=""
                        type="text"
                        value=""
                      />
                    </div>
                  </div>
                </div>
              </div>
            </div>
          </div>
          <div
            class="ant-col ant-col-24 css-dev-only-do-not-override-1gwfwyx"
          >
            <div
              class="ant-form-item css-dev-only-do-not-override-1gwfwyx"
            >
              <div
                class="ant-row ant-form-item-row css-dev-only-do-not-override-1gwfwyx"
              >
                <div
                  class="ant-col ant-form-item-label css-dev-only-do-not-override-1gwfwyx"
                >
                  <label
                    class=""
                    title="obj.a"
                  >
                    obj.a
                  </label>
                </div>
                <div
                  class="ant-col ant-form-item-control css-dev-only-do-not-override-1gwfwyx"
                >
                  <div
                    class="ant-form-item-control-input"
                  >
                    <div
                      class="ant-form-item-control-input-content"
                    >
                      <input
                        class="ant-input css-dev-only-do-not-override-1gwfwyx ant-input-outlined"
                        data-testid="inputObj"
                        id="obj_a"
                        options=""
                        type="text"
                        value=""
                      />
                    </div>
                  </div>
                </div>
              </div>
            </div>
          </div>
          <div
            class="ant-col ant-col-24 css-dev-only-do-not-override-1gwfwyx"
          >
            <div
              class="ant-form-item css-dev-only-do-not-override-1gwfwyx"
            >
              <div
                class="ant-row ant-form-item-row css-dev-only-do-not-override-1gwfwyx"
              >
                <div
                  class="ant-col ant-form-item-label css-dev-only-do-not-override-1gwfwyx"
                >
                  <label
                    class=""
                    title="array[0]"
                  >
                    array[0]
                  </label>
                </div>
                <div
                  class="ant-col ant-form-item-control css-dev-only-do-not-override-1gwfwyx"
                >
                  <div
                    class="ant-form-item-control-input"
                  >
                    <div
                      class="ant-form-item-control-input-content"
                    >
                      <input
                        class="ant-input css-dev-only-do-not-override-1gwfwyx ant-input-outlined"
                        data-testid="inputArr"
                        id="array_0"
                        options=""
                        type="text"
                        value=""
                      />
                    </div>
                  </div>
                </div>
              </div>
            </div>
          </div>
        </form>
      </div>
    </div>
  </div>,
  "debug": [Function],
  "findAllByAltText": [Function],
  "findAllByDisplayValue": [Function],
  "findAllByLabelText": [Function],
  "findAllByPlaceholderText": [Function],
  "findAllByRole": [Function],
  "findAllByTestId": [Function],
  "findAllByText": [Function],
  "findAllByTitle": [Function],
  "findByAltText": [Function],
  "findByDisplayValue": [Function],
  "findByLabelText": [Function],
  "findByPlaceholderText": [Function],
  "findByRole": [Function],
  "findByTestId": [Function],
  "findByText": [Function],
  "findByTitle": [Function],
  "getAllByAltText": [Function],
  "getAllByDisplayValue": [Function],
  "getAllByLabelText": [Function],
  "getAllByPlaceholderText": [Function],
  "getAllByRole": [Function],
  "getAllByTestId": [Function],
  "getAllByText": [Function],
  "getAllByTitle": [Function],
  "getByAltText": [Function],
  "getByDisplayValue": [Function],
  "getByLabelText": [Function],
  "getByPlaceholderText": [Function],
  "getByRole": [Function],
  "getByTestId": [Function],
  "getByText": [Function],
  "getByTitle": [Function],
  "queryAllByAltText": [Function],
  "queryAllByDisplayValue": [Function],
  "queryAllByLabelText": [Function],
  "queryAllByPlaceholderText": [Function],
  "queryAllByRole": [Function],
  "queryAllByTestId": [Function],
  "queryAllByText": [Function],
  "queryAllByTitle": [Function],
  "queryByAltText": [Function],
  "queryByDisplayValue": [Function],
  "queryByLabelText": [Function],
  "queryByPlaceholderText": [Function],
  "queryByRole": [Function],
  "queryByTestId": [Function],
  "queryByText": [Function],
  "queryByTitle": [Function],
  "rerender": [Function],
  "unmount": [Function],
}
`;
